[www.alabamapower.com/residential/ways-to-save/energy-saving-products/economical-heat-pumps.html]
[www.alabamapower.com/etc/designs/alabama/clientlibs/alabama-general-clientlibs/img/favicon.png]
[use.typekit.net/snp1xqv.js]
[assets.adobedtm.com/b529c88e7e7aec8dcab31cf2026351aad2e6ab08/satelliteLib-963d39b3972140ae2d26592f0826c21fb7bbf9d9.js]
[backblue.gif]
[fade.gif]
[index.html]
[www.alabamapower.com/etc/designs/alabama/clientlibs/alabama-general-clientlibs.css]
[www.alabamapower.com/content/apc/alabama/_jcr_content/iheader/apcheader/logoimage.img.full.high.png/1485443436511.png]
[www.alabamapower.com/content/dam/alabamapower/Social Icons/icon-facebook.png]
[www.alabamapower.com/content/dam/alabamapower/Social Icons/icon-twitter.png]
[www.alabamapower.com/content/dam/alabamapower/Social Icons/icon-youtube.png]
[www.alabamapower.com/residential/ways-to-save/energy-saving-products/geothermal-heat-pump-savings.html]
[www.alabamapower.com/etc/clientlibs/granite/utils.js]
[www.alabamapower.com/etc/clientlibs/granite/jquery.js]
[www.alabamapower.com/etc/clientlibs/granite/jquery/granite.js]
[www.alabamapower.com/etc/clientlibs/foundation/jquery.js]
[www.alabamapower.com/libs/foundation/components/adaptiveimage/clientlibs.js]
[www.alabamapower.com/content/dam/alabamapower/Videos/apc-heat-pump.jpg.img.320.low.jpg/1468874790625.jpg]
[www.alabamapower.com/content/apc/alabama/_jcr_content/ifooter/apcfooter/logoimage.img.png/1488383830841.png]
[www.alabamapower.com/residential/ways-to-save/energy-saving-products/economical-heat-pumps.html]
[www.alabamapower.com/etc/designs/alabama/clientlibs/alabama-general-clientlibs.js]
[www.alabamapower.com/residential/ways-to-save/energy-saving-products/get.13.delayed]
[www.alabamapower.com/residential/ways-to-save/energy-saving-products/home.asp]
[assets.adobedtm.com/b529c88e7e7aec8dcab31cf2026351aad2e6ab08/satelliteLib-963d39b3972140ae2d26592f0826c21fb7bbf9d9.js]
[www.alabamapower.com/etc/designs/alabama/clientlibs/alabama-general-clientlibs/css/fonts/apc-icons469f.eot]
[www.alabamapower.com/etc/designs/alabama/clientlibs/alabama-general-clientlibs/css/fonts/apc-icons469f.ttf]
[www.alabamapower.com/etc/designs/alabama/clientlibs/alabama-general-clientlibs/css/fonts/apc-icons469f.woff]
[www.alabamapower.com/etc/designs/alabama/clientlibs/alabama-general-clientlibs/css/fonts/apc-icons469f.svg]
[www.alabamapower.com/etc/designs/alabama/clientlibs/alabama-general-clientlibs/css/fonts/apc_weather7234.eot]
[www.alabamapower.com/etc/designs/alabama/clientlibs/alabama-general-clientlibs/css/fonts/apc_weather7234.ttf]
[www.alabamapower.com/etc/designs/alabama/clientlibs/alabama-general-clientlibs/css/fonts/apc_weather7234.woff]
[www.alabamapower.com/etc/designs/alabama/clientlibs/alabama-general-clientlibs/css/fonts/apc_weather7234.svg]
[www.alabamapower.com/etc/designs/alabama/clientlibs/alabama-general-clientlibs/fonts/bootstrap/glyphicons-halflings-regular.eot]
[www.alabamapower.com/etc/designs/alabama/clientlibs/alabama-general-clientlibs/fonts/bootstrap/glyphicons-halflings-regulard41d.eot]
[www.alabamapower.com/etc/designs/alabama/clientlibs/alabama-general-clientlibs/fonts/bootstrap/glyphicons-halflings-regular.woff2]
[www.alabamapower.com/etc/designs/alabama/clientlibs/alabama-general-clientlibs/fonts/bootstrap/glyphicons-halflings-regular.woff]
[www.alabamapower.com/etc/designs/alabama/clientlibs/alabama-general-clientlibs/fonts/bootstrap/glyphicons-halflings-regular.ttf]
[www.alabamapower.com/etc/designs/alabama/clientlibs/alabama-general-clientlibs/fonts/bootstrap/glyphicons-halflings-regular.svg]
[www.alabamapower.com/etc/designs/alabama/clientlibs/alabama-general-clientlibs/img/bg_select_down.png]
[www.alabamapower.com/etc/designs/alabama/clientlibs/alabama-general-clientlibs/img/icon_unchecked.png]
[www.alabamapower.com/etc/designs/alabama/clientlibs/alabama-general-clientlibs/img/icon_checked.png]
[www.alabamapower.com/etc/designs/alabama/clientlibs/alabama-general-clientlibs/img/icon_radio_checked.png]
[www.alabamapower.com/etc/designs/alabama/clientlibs/alabama-general-clientlibs.css]
[www.alabamapower.com/content/dam/alabamapower/Videos/geothermal-heat-pump.jpg.img.320.low.jpg/1468874786604.jpg]
[www.alabamapower.com/residential/ways-to-save/energy-saving-products/geothermal-heat-pump-savings.html]
[www.alabamapower.com/residential/ways-to-save/energy-saving-products/get.html]
[www.alabamapower.com/content/apc/alabama/residential/ways-to-save/energy-saving-products/geothermal-heat-pump-savings/_jcr_content/content/columnctr/colOne/adaptive/1468872976669.28.delaye]
[www.alabamapower.com/residential/ways-to-save/energy-saving-products/home.html]
[www.alabamapower.com/etc/designs/alabama/clientlibs/alabama-general-clientlibs/css/fonts/apc-icons469f.svg]
[www.alabamapower.com/etc/designs/alabama/clientlibs/alabama-general-clientlibs/css/fonts/apc_weather7234.svg]
[www.alabamapower.com/etc/designs/alabama/clientlibs/alabama-general-clientlibs/fonts/bootstrap/glyphicons-halflings-regular.svg]
[www.alabamapower.com/content/apc/alabama/residential/ways-to-save/energy-saving-products/geothermal-heat-pump-savings/_jcr_content/content/columnctr/colThree/adapti/1468872973692.2a.delaye]
[www.alabamapower.com/content/apc/alabama/residential/ways-to-save/energy-saving-products/geothermal-heat-pump-savings/_jcr_content/content/columnctr/colTwo/adaptive/1468872976511.29.delaye]
[www.alabamapower.com/content/apc/alabama/residential/ways-to-save/energy-saving-products/geothermal-heat-pump-savings/_jcr_content/content/adaptiveimage.img.320.low/1468872977890.2b.delaye]
